=== RUN   TestRBACMiddleware_RequirePermission
=== RUN   TestRBACMiddleware_RequirePermission/Single_permission_-_Granted
--- FAIL: TestRBACMiddleware_RequirePermission (0.00s)
    --- FAIL: TestRBACMiddleware_RequirePermission/Single_permission_-_Granted (0.00s)
panic: assert: arguments: Bool(0) failed because object wasn't correct type: 0x6cf440 [recovered, repanicked]

goroutine 9 [running]:
testing.tRunner.func1.2({0x750220, 0xc0003af710})
	/home/linuxbrew/.linuxbrew/Cellar/go/1.25.4/libexec/src/testing/testing.go:1872 +0x237
testing.tRunner.func1()
	/home/linuxbrew/.linuxbrew/Cellar/go/1.25.4/libexec/src/testing/testing.go:1875 +0x35b
panic({0x750220?, 0xc0003af710?})
	/home/linuxbrew/.linuxbrew/Cellar/go/1.25.4/libexec/src/runtime/panic.go:783 +0x132
github.com/stretchr/testify/mock.Arguments.Bool({0xc0003b1a40?, 0xc0003e8300?, 0x4?}, 0x4?)
	/home/tgt/go/pkg/mod/github.com/stretchr/testify@v1.11.1/mock/mock.go:1139 +0xcc
agromart2/internal/middleware.(*MockRBACService).UserHasPermission(0xc0003bf220, {0x85d560, 0xc0003d9c20}, {0x4e, 0xb0, 0x22, 0x67, 0x44, 0x89, 0x4a, ...}, ...)
	/home/tgt/Documents/projects/personal/inventory_management/internal/middleware/rbac_test.go:23 +0x16e
agromart2/internal/middleware.TestRBACMiddleware_RequirePermission.func1.TestRBACMiddleware_RequirePermission.func1.(*RBACMiddleware).RequirePermission.3.4({0x861f20, 0xc0003ddae0})
	/home/tgt/Documents/projects/personal/inventory_management/internal/middleware/rbac.go:57 +0x29e
agromart2/internal/middleware.TestRBACMiddleware_RequirePermission.func1(0xc000119c00)
	/home/tgt/Documents/projects/personal/inventory_management/internal/middleware/rbac_test.go:123 +0x622
testing.tRunner(0xc000119c00, 0xc000170d20)
	/home/linuxbrew/.linuxbrew/Cellar/go/1.25.4/libexec/src/testing/testing.go:1934 +0xea
created by testing.(*T).Run in goroutine 8
	/home/linuxbrew/.linuxbrew/Cellar/go/1.25.4/libexec/src/testing/testing.go:1997 +0x465
FAIL	agromart2/internal/middleware	0.010s
FAIL
